---
source: test-harness/src/harness.rs
expression: snapshot
info:
  kind:
    Translate:
      backend: fstar
  info:
    name: side-effects
    manifest: side-effects/Cargo.toml
    description: ~
  spec:
    optional: false
    broken: false
    issue_id: ~
    positive: true
    snapshot:
      stderr: true
      stdout: true
    include_flag: ~
    backend_options: ~
---
exit = 0
stderr = 'Finished `dev` profile [unoptimized + debuginfo] target(s) in XXs'

[stdout]
diagnostics = []

[stdout.files]
"Side_effects.fst" = '''
module Side_effects
#set-options "--fuel 0 --ifuel 1 --z3rlimit 15"
open Core
open FStar.Mul

/// Helper function
let add3 (x y z: u32) : u32 =
  Core.Num.impl__u32__wrapping_add (Core.Num.impl__u32__wrapping_add x y <: u32) z

/// Question mark without error coercion
let direct_result_question_mark (y: Core.Result.t_Result Prims.unit u32)
    : Core.Result.t_Result i8 u32 =
  match y with
  | Core.Result.Result_Ok _ -> Core.Result.Result_Ok 0y <: Core.Result.t_Result i8 u32
  | Core.Result.Result_Err err -> Core.Result.Result_Err err <: Core.Result.t_Result i8 u32

/// Question mark with an error coercion
let direct_result_question_mark_coercion (y: Core.Result.t_Result i8 u16)
    : Core.Result.t_Result i8 u32 =
  match y with
  | Core.Result.Result_Ok hoist1 -> Core.Result.Result_Ok hoist1 <: Core.Result.t_Result i8 u32
  | Core.Result.Result_Err err ->
    Core.Result.Result_Err (Core.Convert.f_from #FStar.Tactics.Typeclasses.solve err)
    <:
    Core.Result.t_Result i8 u32

/// Exercise early returns with control flow and loops
let early_returns (x: u32) : u32 =
  Rust_primitives.Hax.Control_flow_monad.Mexception.run (let! _:Prims.unit =
        if x >. 3ul
        then
          let! hoist2:Rust_primitives.Hax.t_Never =
            Core.Ops.Control_flow.ControlFlow_Break 0ul
            <:
            Core.Ops.Control_flow.t_ControlFlow u32 Rust_primitives.Hax.t_Never
          in
          Core.Ops.Control_flow.ControlFlow_Continue (Rust_primitives.Hax.never_to_any hoist2)
          <:
          Core.Ops.Control_flow.t_ControlFlow u32 Prims.unit
        else
          Core.Ops.Control_flow.ControlFlow_Continue ()
          <:
          Core.Ops.Control_flow.t_ControlFlow u32 Prims.unit
      in
      let! x, hoist5:(u32 & u32) =
        if x >. 30ul
        then
          match true with
          | true ->
            let! hoist4:Rust_primitives.Hax.t_Never =
              Core.Ops.Control_flow.ControlFlow_Break 34ul
              <:
              Core.Ops.Control_flow.t_ControlFlow u32 Rust_primitives.Hax.t_Never
            in
            Core.Ops.Control_flow.ControlFlow_Continue
            (x, Rust_primitives.Hax.never_to_any hoist4 <: (u32 & u32))
            <:
            Core.Ops.Control_flow.t_ControlFlow u32 (u32 & u32)
          | _ ->
            Core.Ops.Control_flow.ControlFlow_Continue (x, 3ul <: (u32 & u32))
            <:
            Core.Ops.Control_flow.t_ControlFlow u32 (u32 & u32)
        else
          Core.Ops.Control_flow.ControlFlow_Continue
          (let x:u32 = x +! 9ul in
            x, x +! 1ul <: (u32 & u32))
          <:
          Core.Ops.Control_flow.t_ControlFlow u32 (u32 & u32)
      in
      let! hoist8:Rust_primitives.Hax.t_Never =
        Core.Ops.Control_flow.ControlFlow_Break
        (Core.Num.impl__u32__wrapping_add (Core.Num.impl__u32__wrapping_add 123ul hoist5 <: u32) x)
        <:
        Core.Ops.Control_flow.t_ControlFlow u32 Rust_primitives.Hax.t_Never
      in
      Core.Ops.Control_flow.ControlFlow_Continue (Rust_primitives.Hax.never_to_any hoist8)
      <:
      Core.Ops.Control_flow.t_ControlFlow u32 u32)

/// Exercise local mutation with control flow and loops
let local_mutation (x: u32) : u32 =
  let y:u32 = 0ul in
  let x:u32 = Core.Num.impl__u32__wrapping_add x 1ul in
  if x >. 3ul
  then
    let x:u32 = Core.Num.impl__u32__wrapping_sub x 3ul in
    let y:u32 = x /! 2ul in
    let y:u32 = Core.Num.impl__u32__wrapping_add y 2ul in
    let y:u32 =
      Core.Iter.Traits.Iterator.f_fold (Core.Iter.Traits.Collect.f_into_iter #(Core.Ops.Range.t_Range
              u32)
            #FStar.Tactics.Typeclasses.solve
            ({ Core.Ops.Range.f_start = 0ul; Core.Ops.Range.f_end = 10ul }
              <:
              Core.Ops.Range.t_Range u32)
          <:
          Core.Ops.Range.t_Range u32)
        y
        (fun y i ->
            let y:u32 = y in
            let i:u32 = i in
            Core.Num.impl__u32__wrapping_add x i <: u32)
    in
    Core.Num.impl__u32__wrapping_add x y
  else
    let (x, y), hoist15:((u32 & u32) & u32) =
      match x with
      | 12ul ->
        let y:u32 = Core.Num.impl__u32__wrapping_add x y in
        (x, y <: (u32 & u32)), 3ul <: ((u32 & u32) & u32)
      | 13ul ->
        let x:u32 = Core.Num.impl__u32__wrapping_add x 1ul in
        (x, y <: (u32 & u32)), add3 x (Core.Num.impl__u32__wrapping_add 123ul x <: u32) x
        <:
        ((u32 & u32) & u32)
      | _ -> (x, y <: (u32 & u32)), 0ul <: ((u32 & u32) & u32)
    in
    let x:u32 = hoist15 in
    Core.Num.impl__u32__wrapping_add x y

/// Test question mark on `Option`s with some control flow
let options (x y: Core.Option.t_Option u8) (z: Core.Option.t_Option u64) : Core.Option.t_Option u8 =
  Rust_primitives.Hax.Control_flow_monad.Mexception.run (match x with
      | Core.Option.Option_Some hoist19 ->
        let! hoist26:Core.Option.t_Option u8 =
          if hoist19 >. 10uy
          then
            match x with
            | Core.Option.Option_Some hoist21 ->
              Core.Ops.Control_flow.ControlFlow_Continue
              (Core.Option.Option_Some (Core.Num.impl__u8__wrapping_add hoist21 3uy)
                <:
                Core.Option.t_Option u8)
              <:
              Core.Ops.Control_flow.t_ControlFlow (Core.Option.t_Option u8)
                (Core.Option.t_Option u8)
            | Core.Option.Option_None  ->
              Core.Ops.Control_flow.ControlFlow_Break
              (Core.Option.Option_None <: Core.Option.t_Option u8)
              <:
              Core.Ops.Control_flow.t_ControlFlow (Core.Option.t_Option u8)
                (Core.Option.t_Option u8)
          else
            match x with
            | Core.Option.Option_Some hoist24 ->
              (match y with
                | Core.Option.Option_Some hoist23 ->
                  Core.Ops.Control_flow.ControlFlow_Continue
                  (Core.Option.Option_Some (Core.Num.impl__u8__wrapping_add hoist24 hoist23)
                    <:
                    Core.Option.t_Option u8)
                  <:
                  Core.Ops.Control_flow.t_ControlFlow (Core.Option.t_Option u8)
                    (Core.Option.t_Option u8)
                | Core.Option.Option_None  ->
                  Core.Ops.Control_flow.ControlFlow_Break
                  (Core.Option.Option_None <: Core.Option.t_Option u8)
                  <:
                  Core.Ops.Control_flow.t_ControlFlow (Core.Option.t_Option u8)
                    (Core.Option.t_Option u8))
            | Core.Option.Option_None  ->
              Core.Ops.Control_flow.ControlFlow_Break
              (Core.Option.Option_None <: Core.Option.t_Option u8)
              <:
              Core.Ops.Control_flow.t_ControlFlow (Core.Option.t_Option u8)
                (Core.Option.t_Option u8)
        in
        (match hoist26 with
          | Core.Option.Option_Some hoist27 ->
            let! v:u8 =
              match hoist27 with
              | 3uy ->
                (match Core.Option.Option_None <: Core.Option.t_Option u8 with
                  | Core.Option.Option_Some some ->
                    Core.Ops.Control_flow.ControlFlow_Continue some
                    <:
                    Core.Ops.Control_flow.t_ControlFlow (Core.Option.t_Option u8) u8
                  | Core.Option.Option_None  ->
                    Core.Ops.Control_flow.ControlFlow_Break
                    (Core.Option.Option_None <: Core.Option.t_Option u8)
                    <:
                    Core.Ops.Control_flow.t_ControlFlow (Core.Option.t_Option u8) u8)
              | 4uy ->
                (match z with
                  | Core.Option.Option_Some hoist16 ->
                    Core.Ops.Control_flow.ControlFlow_Continue
                    (4uy +! (if hoist16 >. 4uL <: bool then 0uy else 3uy))
                    <:
                    Core.Ops.Control_flow.t_ControlFlow (Core.Option.t_Option u8) u8
                  | Core.Option.Option_None  ->
                    Core.Ops.Control_flow.ControlFlow_Break
                    (Core.Option.Option_None <: Core.Option.t_Option u8)
                    <:
                    Core.Ops.Control_flow.t_ControlFlow (Core.Option.t_Option u8) u8)
              | _ ->
                Core.Ops.Control_flow.ControlFlow_Continue 12uy
                <:
                Core.Ops.Control_flow.t_ControlFlow (Core.Option.t_Option u8) u8
            in
            Core.Ops.Control_flow.ControlFlow_Continue
            (match x with
              | Core.Option.Option_Some hoist28 ->
                (match y with
                  | Core.Option.Option_Some hoist29 ->
                    Core.Option.Option_Some
                    (Core.Num.impl__u8__wrapping_add (Core.Num.impl__u8__wrapping_add v hoist28
                          <:
                          u8)
                        hoist29)
                    <:
                    Core.Option.t_Option u8
                  | Core.Option.Option_None  -> Core.Option.Option_None <: Core.Option.t_Option u8)
              | Core.Option.Option_None  -> Core.Option.Option_None <: Core.Option.t_Option u8)
            <:
            Core.Ops.Control_flow.t_ControlFlow (Core.Option.t_Option u8) (Core.Option.t_Option u8)
          | Core.Option.Option_None  ->
            Core.Ops.Control_flow.ControlFlow_Continue
            (Core.Option.Option_None <: Core.Option.t_Option u8)
            <:
            Core.Ops.Control_flow.t_ControlFlow (Core.Option.t_Option u8) (Core.Option.t_Option u8))
      | Core.Option.Option_None  ->
        Core.Ops.Control_flow.ControlFlow_Continue
        (Core.Option.Option_None <: Core.Option.t_Option u8)
        <:
        Core.Ops.Control_flow.t_ControlFlow (Core.Option.t_Option u8) (Core.Option.t_Option u8))

/// Test question mark on `Result`s with local mutation
let question_mark (x: u32) : Core.Result.t_Result u32 u32 =
  Rust_primitives.Hax.Control_flow_monad.Mexception.run (let! x:u32 =
        if x >. 40ul
        then
          let y:u32 = 0ul in
          let x:u32 = Core.Num.impl__u32__wrapping_add x 3ul in
          let y:u32 = Core.Num.impl__u32__wrapping_add x y in
          let x:u32 = Core.Num.impl__u32__wrapping_add x y in
          if x >. 90ul
          then
            match Core.Result.Result_Err 12uy <: Core.Result.t_Result Prims.unit u8 with
            | Core.Result.Result_Ok ok ->
              Core.Ops.Control_flow.ControlFlow_Continue x
              <:
              Core.Ops.Control_flow.t_ControlFlow (Core.Result.t_Result u32 u32) u32
            | Core.Result.Result_Err err ->
              let! _:Prims.unit =
                Core.Ops.Control_flow.ControlFlow_Break
                (Core.Result.Result_Err (Core.Convert.f_from #FStar.Tactics.Typeclasses.solve err)
                  <:
                  Core.Result.t_Result u32 u32)
                <:
                Core.Ops.Control_flow.t_ControlFlow (Core.Result.t_Result u32 u32) Prims.unit
              in
              Core.Ops.Control_flow.ControlFlow_Continue x
              <:
              Core.Ops.Control_flow.t_ControlFlow (Core.Result.t_Result u32 u32) u32
          else
            Core.Ops.Control_flow.ControlFlow_Continue x
            <:
            Core.Ops.Control_flow.t_ControlFlow (Core.Result.t_Result u32 u32) u32
        else
          Core.Ops.Control_flow.ControlFlow_Continue x
          <:
          Core.Ops.Control_flow.t_ControlFlow (Core.Result.t_Result u32 u32) u32
      in
      Core.Ops.Control_flow.ControlFlow_Continue
      (Core.Result.Result_Ok (Core.Num.impl__u32__wrapping_add 3ul x)
        <:
        Core.Result.t_Result u32 u32)
      <:
      Core.Ops.Control_flow.t_ControlFlow (Core.Result.t_Result u32 u32)
        (Core.Result.t_Result u32 u32))

type t_A = | A : t_A

type t_B = | B : t_B

type t_Bar = {
  f_a:bool;
  f_b:(t_Array (bool & bool) (sz 6) & bool)
}

/// Combine `?` and early return
let monad_lifting (x: u8) : Core.Result.t_Result t_A t_B =
  Rust_primitives.Hax.Control_flow_monad.Mexception.run (if x >. 123uy <: bool
      then
        match Core.Result.Result_Err (B <: t_B) <: Core.Result.t_Result t_A t_B with
        | Core.Result.Result_Ok hoist33 ->
          let! hoist35:Rust_primitives.Hax.t_Never =
            Core.Ops.Control_flow.ControlFlow_Break
            (Core.Result.Result_Ok hoist33 <: Core.Result.t_Result t_A t_B)
            <:
            Core.Ops.Control_flow.t_ControlFlow (Core.Result.t_Result t_A t_B)
              Rust_primitives.Hax.t_Never
          in
          Core.Ops.Control_flow.ControlFlow_Continue (Rust_primitives.Hax.never_to_any hoist35)
          <:
          Core.Ops.Control_flow.t_ControlFlow (Core.Result.t_Result t_A t_B)
            (Core.Result.t_Result t_A t_B)
        | Core.Result.Result_Err err ->
          Core.Ops.Control_flow.ControlFlow_Continue
          (Core.Result.Result_Err err <: Core.Result.t_Result t_A t_B)
          <:
          Core.Ops.Control_flow.t_ControlFlow (Core.Result.t_Result t_A t_B)
            (Core.Result.t_Result t_A t_B)
      else
        Core.Ops.Control_flow.ControlFlow_Continue
        (Core.Result.Result_Ok (A <: t_A) <: Core.Result.t_Result t_A t_B)
        <:
        Core.Ops.Control_flow.t_ControlFlow (Core.Result.t_Result t_A t_B)
          (Core.Result.t_Result t_A t_B))

type t_Foo = {
  f_x:bool;
  f_y:(bool & Alloc.Vec.t_Vec t_Bar Alloc.Alloc.t_Global);
  f_z:t_Array t_Bar (sz 6);
  f_bar:t_Bar
}

/// Test assignation on non-trivial places
let assign_non_trivial_lhs (foo: t_Foo) : t_Foo =
  let foo:t_Foo = { foo with f_x = true } <: t_Foo in
  let foo:t_Foo = { foo with f_bar = { foo.f_bar with f_a = true } <: t_Bar } <: t_Foo in
  let foo:t_Foo =
    {
      foo with
      f_bar
      =
      {
        foo.f_bar with
        f_b
        =
        {
          foo.f_bar.f_b with
          _1
          =
          Rust_primitives.Hax.Monomorphized_update_at.update_at_usize foo.f_bar.f_b._1
            (sz 3)
            ({ (foo.f_bar.f_b._1.[ sz 3 ] <: (bool & bool)) with _2 = true } <: (bool & bool))
        }
        <:
        (t_Array (bool & bool) (sz 6) & bool)
      }
      <:
      t_Bar
    }
    <:
    t_Foo
  in
  let foo:t_Foo =
    {
      foo with
      f_z
      =
      Rust_primitives.Hax.Monomorphized_update_at.update_at_usize foo.f_z
        (sz 3)
        ({ (foo.f_z.[ sz 3 ] <: t_Bar) with f_a = true } <: t_Bar)
    }
    <:
    t_Foo
  in
  let foo:t_Foo =
    {
      foo with
      f_y
      =
      {
        foo.f_y with
        _2
        =
        Rust_primitives.Hax.Monomorphized_update_at.update_at_usize foo.f_y._2
          (sz 3)
          ({
              (foo.f_y._2.[ sz 3 ] <: t_Bar) with
              f_b
              =
              {
                (foo.f_y._2.[ sz 3 ] <: t_Bar).f_b with
                _1
                =
                Rust_primitives.Hax.Monomorphized_update_at.update_at_usize (foo.f_y._2.[ sz 3 ]
                    <:
                    t_Bar)
                    .f_b
                    ._1
                  (sz 5)
                  ({
                      ((foo.f_y._2.[ sz 3 ] <: t_Bar).f_b._1.[ sz 5 ] <: (bool & bool)) with
                      _1 = true
                    }
                    <:
                    (bool & bool))
                <:
                t_Array (bool & bool) (sz 6)
              }
              <:
              (t_Array (bool & bool) (sz 6) & bool)
            }
            <:
            t_Bar)
      }
      <:
      (bool & Alloc.Vec.t_Vec t_Bar Alloc.Alloc.t_Global)
    }
    <:
    t_Foo
  in
  foo
'''
