---
source: test-harness/src/harness.rs
expression: snapshot
info:
  kind:
    Translate:
      backend: coq
  info:
    name: slices
    manifest: slices/Cargo.toml
    description: ~
  spec:
    optional: false
    broken: false
    issue_id: ~
    positive: true
    snapshot:
      stderr: true
      stdout: true
    include_flag: ~
    backend_options: ~
---
exit = 0
stderr = 'Finished `dev` profile [unoptimized + debuginfo] target(s) in XXs'

[stdout]
diagnostics = []

[stdout.files]
"Slices.v" = '''
(* File automatically generated by Hacspec *)
From Hacspec Require Import Hacspec_Lib MachineIntegers.
From Coq Require Import ZArith.
Import List.ListNotations.
Open Scope Z_scope.
Open Scope bool_scope.

(*Not implemented yet? todo(item)*)

Definition v_VERSION : seq int8 :=
  unsize (array_from_list [(@repr WORDSIZE8 118);
    (@repr WORDSIZE8 49)]).

Definition do_something (_ : seq int8) : unit :=
  tt.

Definition r#unsized (_ : nseq (seq int8) TODO: Int.to_string length) : unit :=
  tt.

Definition sized (x : nseq (nseq int8 TODO: Int.to_string length) TODO: Int.to_string length) : unit :=
  r#unsized (array_from_list [unsize (x.[(@repr WORDSIZE32 0)])]).
'''
